**********************************************************************
** Visual Studio 2022 Developer Command Prompt v17.3.1
** Copyright (c) 2022 Microsoft Corporation
**********************************************************************

C:\Users\KIEF\Documents\GitHub\DSEDodge-Signed-Kernel-Driver>makecert -r -pe -n "CN=Demo_CA_Root" -ss CA -sr CurrentUser ^
More?    -a sha256 -cy authority -sky signature -len 4096 ^
More?    -sv Demo_CA_Root.pvk Demo_CA_Root.cer ^
More?    -e 02/22/2023
Succeeded

C:\Users\KIEF\Documents\GitHub\DSEDodge-Signed-Kernel-Driver>cd CERT

C:\Users\KIEF\Documents\GitHub\DSEDodge-Signed-Kernel-Driver\CERT>makecert -pe -n "CN=Demo_SPC_Code_Signing" -a sha256 -cy end ^
More?    -sky signature ^
More?    -ic Demo_CA_Root.cer -iv Demo_CA_Root.pvk ^
More?    -sv Demo_SPC_Code_Signing.pvk Demo_SPC_Code_Signing.cer ^
More?    -eku 1.3.6.1.5.5.7.3.3 ^
More?    -e 02/22/2023
Succeeded

C:\Users\KIEF\Documents\GitHub\DSEDodge-Signed-Kernel-Driver\CERT>pvk2pfx -pvk Demo_SPC_Code_Signing.pvk -spc Demo_SPC_Code_Signing.cer ^
More?    -pfx Demo_SPC_PFX.pfx ^
More?    -po x

C:\Users\KIEF\Documents\GitHub\DSEDodge-Signed-Kernel-Driver>inf2cat /os:10_x64 /driver:.\x64\Release /uselocaltime
...........................................
Signability test complete.

Errors:
None

Warnings:
None

Catalog generation complete.
C:\Users\KIEF\Documents\GitHub\DSEDodge-Signed-Kernel-Driver\x64\Release\kmdfdriver.cat
C:\Users\KIEF\Documents\GitHub\DSEDodge-Signed-Kernel-Driver\x64\Release\kmdfdriver\kmdfdriver.cat

C:\Users\KIEF\Documents\GitHub\DSEDodge-Signed-Kernel-Driver>SignTool sign /fd sha256 /td SHA256 /tr "http://sha256timestamp.ws.symantec.com/sha256/timestamp" /f .\CERT\Demo_SPC_PFX.pfx /p x /v .\x64\Release\KMDFDriver\kmdfdriver.cat
The following certificate was selected:
    Issued to: Demo_SPC_Code_Signing
    Issued by: Demo_CA_Root
    Expires:   Wed Feb 22 00:00:00 2023
    SHA1 hash: BE60A7829512DE13AFDA4AB4D06B5424DE6DE2C8

Done Adding Additional Store
Successfully signed: .\x64\Release\KMDFDriver\kmdfdriver.cat

Number of files successfully Signed: 1
Number of warnings: 0
Number of errors: 0

C:\Users\KIEF\Documents\GitHub\DSEDodge-Signed-Kernel-Driver>SignTool sign /fd sha256 /td SHA256 /tr "http://sha256timestamp.ws.symantec.com/sha256/timestamp" /f .\CERT\Demo_SPC_PFX.pfx /p x /v .\x64\Release\KMDFDriver\KMDFDriver.sys
The following certificate was selected:
    Issued to: Demo_SPC_Code_Signing
    Issued by: Demo_CA_Root
    Expires:   Wed Feb 22 00:00:00 2023
    SHA1 hash: BE60A7829512DE13AFDA4AB4D06B5424DE6DE2C8

Done Adding Additional Store
Successfully signed: .\x64\Release\KMDFDriver\KMDFDriver.sys

Number of files successfully Signed: 1
Number of warnings: 0
Number of errors: 0
